// Jest Snapshot v1, https://goo.gl/fbAQLP

exports[`NavLink renders correctly 1`] = `
<li
  className={
    Object {
      "has": [Function],
      "is": [Function],
      "mix": [Function],
      "split": [Function],
      "state": [Function],
      "toString": [Function],
    }
  }
  onClick={[MockFunction]}
>
  <a
    href="#"
  >
    mobile
  </a>
</li>
`;
